[1/1744] Building C object src/lib/graphics/CMakeFiles/vipergfx.dir/src/vgfx_draw.c.obj
[2/1744] Building C object src/lib/gui/CMakeFiles/vipergui.dir/src/font/vg_canvas_integration.c.obj
[3/1744] Building C object src/lib/gui/CMakeFiles/vipergui.dir/src/widgets/vg_checkbox.c.obj
[4/1744] Building C object src/lib/gui/CMakeFiles/vipergui.dir/src/widgets/vg_scrollview.c.obj
[5/1744] Building C object src/lib/gui/CMakeFiles/vipergui.dir/src/widgets/vg_label.c.obj
[6/1744] Building C object src/lib/gui/CMakeFiles/vipergui.dir/src/core/vg_theme.c.obj
[7/1744] Building C object src/lib/gui/CMakeFiles/vipergui.dir/src/core/vg_layout.c.obj
[8/1744] Building C object src/lib/gui/CMakeFiles/vipergui.dir/src/widgets/vg_button.c.obj
[9/1744] Building C object src/lib/gui/CMakeFiles/vipergui.dir/src/core/vg_event.c.obj
[10/1744] Building C object src/lib/gui/CMakeFiles/vipergui.dir/src/widgets/vg_textinput.c.obj
[11/1744] Building C object src/lib/gui/CMakeFiles/vipergui.dir/src/font/vg_cache.c.obj
[12/1744] Building C object src/lib/gui/CMakeFiles/vipergui.dir/src/widgets/vg_listbox.c.obj
[13/1744] Building C object src/lib/graphics/CMakeFiles/vipergfx.dir/src/vgfx.c.obj
[14/1744] Building C object src/lib/gui/CMakeFiles/vipergui.dir/src/font/vg_font.c.obj
[15/1744] Building C object src/lib/gui/CMakeFiles/vipergui.dir/src/widgets/vg_dropdown.c.obj
[16/1744] Building C object src/lib/gui/CMakeFiles/vipergui.dir/src/widgets/vg_slider.c.obj
[17/1744] Building C object src/lib/gui/CMakeFiles/vipergui.dir/src/core/vg_widget.c.obj
[18/1744] Building C object src/lib/gui/CMakeFiles/vipergui.dir/src/font/vg_ttf.c.obj
[19/1744] Building C object src/lib/gui/CMakeFiles/vipergui.dir/src/font/vg_raster.c.obj
[20/1744] Building C object src/lib/gui/CMakeFiles/vipergui.dir/src/widgets/vg_progressbar.c.obj
[21/1744] Building C object src/lib/gui/CMakeFiles/vipergui.dir/src/widgets/vg_radiobutton.c.obj
[22/1744] Building C object src/lib/gui/CMakeFiles/vipergui.dir/src/widgets/vg_image.c.obj
[23/1744] Building C object src/lib/gui/CMakeFiles/vipergui.dir/src/widgets/vg_spinner.c.obj
[24/1744] Building C object src/lib/gui/CMakeFiles/vipergui.dir/src/widgets/vg_colorswatch.c.obj
[25/1744] Building C object src/lib/gui/CMakeFiles/vipergui.dir/src/widgets/vg_colorpalette.c.obj
[26/1744] Building C object src/lib/gui/CMakeFiles/vipergui.dir/src/widgets/vg_colorpicker.c.obj
[27/1744] Building C object src/lib/gui/CMakeFiles/vipergui.dir/src/widgets/vg_treeview.c.obj
[28/1744] Building C object src/lib/gui/CMakeFiles/vipergui.dir/src/widgets/vg_tabbar.c.obj
[29/1744] Building C object src/lib/gui/CMakeFiles/vipergui.dir/src/widgets/vg_splitpane.c.obj
[30/1744] Building C object src/lib/gui/CMakeFiles/vipergui.dir/src/widgets/vg_statusbar.c.obj
[31/1744] Building C object src/lib/gui/CMakeFiles/vipergui.dir/src/widgets/vg_toolbar.c.obj
[32/1744] Building C object src/lib/gui/CMakeFiles/vipergui.dir/src/widgets/vg_codeeditor.c.obj
[33/1744] Building C object src/lib/gui/CMakeFiles/vipergui.dir/src/widgets/vg_contextmenu.c.obj
[34/1744] Building C object src/lib/gui/CMakeFiles/vipergui.dir/src/widgets/vg_dialog.c.obj
[35/1744] Building C object src/lib/gui/CMakeFiles/vipergui.dir/src/widgets/vg_tooltip.c.obj
[36/1744] Building C object src/lib/gui/CMakeFiles/vipergui.dir/src/widgets/vg_commandpalette.c.obj
[37/1744] Building C object src/lib/gui/CMakeFiles/vipergui.dir/src/widgets/vg_findreplacebar.c.obj
[38/1744] Building C object src/lib/gui/CMakeFiles/vipergui.dir/src/widgets/vg_breadcrumb.c.obj
[39/1744] Building C object src/lib/gui/CMakeFiles/vipergui.dir/src/widgets/vg_minimap.c.obj
[40/1744] Building C object src/lib/gui/CMakeFiles/vipergui.dir/src/widgets/vg_notification.c.obj
[41/1744] Building C object src/lib/gui/CMakeFiles/vipergui.dir/src/widgets/vg_outputpane.c.obj
[42/1744] Building C object src/lib/gui/CMakeFiles/vipergui.dir/src/widgets/vg_filedialog.c.obj
FAILED: src/lib/gui/CMakeFiles/vipergui.dir/src/widgets/vg_filedialog.c.obj 
C:\PROGRA~1\LLVM\bin\clang.exe -DVIPER_ENABLE_OOP=1 -DVIPER_RUNTIME_NS_DUAL=1 -DVIPER_VM_OPCOUNTS=1 -DVIPER_VM_TAILCALL=1 -D_CRT_NONSTDC_NO_WARNINGS -D_CRT_SECURE_NO_WARNINGS -IC:/git/viper/src/lib/gui/include -IC:/git/viper/src/lib/gui/src -IC:/git/viper/src/lib/gui/src/font -IC:/git/viper/src/lib/gui/../graphics/include -IC:/git/viper/src/lib/graphics/include -O0 -g -Xclang -gcodeview -std=c11 -D_DEBUG -D_DLL -D_MT -Xclang --dependent-lib=msvcrtd -Wall -Wextra -Wno-unused-parameter -MD -MT src/lib/gui/CMakeFiles/vipergui.dir/src/widgets/vg_filedialog.c.obj -MF src\lib\gui\CMakeFiles\vipergui.dir\src\widgets\vg_filedialog.c.obj.d -o src/lib/gui/CMakeFiles/vipergui.dir/src/widgets/vg_filedialog.c.obj -c C:/git/viper/src/lib/gui/src/widgets/vg_filedialog.c
C:/git/viper/src/lib/gui/src/widgets/vg_filedialog.c:8:10: fatal error: 'dirent.h' file not found
    8 | #include <dirent.h>
      |          ^~~~~~~~~~
1 error generated.
[43/1744] Building C object src/runtime/CMakeFiles/viper_rt_base_obj.dir/rt_error.c.obj
[44/1744] Building C object src/lib/gui/CMakeFiles/vipergui.dir/src/widgets/vg_menubar.c.obj
FAILED: src/lib/gui/CMakeFiles/vipergui.dir/src/widgets/vg_menubar.c.obj 
C:\PROGRA~1\LLVM\bin\clang.exe -DVIPER_ENABLE_OOP=1 -DVIPER_RUNTIME_NS_DUAL=1 -DVIPER_VM_OPCOUNTS=1 -DVIPER_VM_TAILCALL=1 -D_CRT_NONSTDC_NO_WARNINGS -D_CRT_SECURE_NO_WARNINGS -IC:/git/viper/src/lib/gui/include -IC:/git/viper/src/lib/gui/src -IC:/git/viper/src/lib/gui/src/font -IC:/git/viper/src/lib/gui/../graphics/include -IC:/git/viper/src/lib/graphics/include -O0 -g -Xclang -gcodeview -std=c11 -D_DEBUG -D_DLL -D_MT -Xclang --dependent-lib=msvcrtd -Wall -Wextra -Wno-unused-parameter -MD -MT src/lib/gui/CMakeFiles/vipergui.dir/src/widgets/vg_menubar.c.obj -MF src\lib\gui\CMakeFiles\vipergui.dir\src\widgets\vg_menubar.c.obj.d -o src/lib/gui/CMakeFiles/vipergui.dir/src/widgets/vg_menubar.c.obj -c C:/git/viper/src/lib/gui/src/widgets/vg_menubar.c
C:/git/viper/src/lib/gui/src/widgets/vg_menubar.c:7:10: fatal error: 'strings.h' file not found
    7 | #include <strings.h>  // For strcasecmp
      |          ^~~~~~~~~~~
1 error generated.
[45/1744] Building C object src/runtime/CMakeFiles/viper_rt_base_obj.dir/rt_memory.c.obj
[46/1744] Building C object src/runtime/CMakeFiles/viper_rt_base_obj.dir/rt_fp.c.obj
[47/1744] Building C object src/runtime/CMakeFiles/viper_rt_base_obj.dir/rt_output.c.obj
[48/1744] Building C object src/runtime/CMakeFiles/viper_rt_base_obj.dir/rt_string_encode.c.obj
[49/1744] Building C object src/runtime/CMakeFiles/viper_rt_base_obj.dir/rt_string_format.c.obj
[50/1744] Building C object src/runtime/CMakeFiles/viper_rt_base_obj.dir/rt_trap.c.obj
[51/1744] Building C object src/runtime/CMakeFiles/viper_rt_base_obj.dir/rt_string_builder.c.obj
[52/1744] Building C object src/runtime/CMakeFiles/viper_rt_base_obj.dir/rt_string_ops.c.obj
[53/1744] Building C object src/runtime/CMakeFiles/viper_rt_base_obj.dir/rt_context.c.obj
